// Vitest Snapshot v1, https://vitest.dev/guide/snapshot.html

exports[`matches snapshot 1`] = `
<div>
  <div
    class="inline-flex gap-4 flex-col"
  >
    <h1>
      pencil case
    </h1>
    <a
      data-discover="true"
      href="/legal-notice/"
    >
      Go to legal notice
    </a>
    <button
      class="bg-blue-500 text-white px-4 py-2"
    >
      Button
    </button>
  </div>
</div>
`;
